// Jest Snapshot v1, https://goo.gl/fbAQLP

exports[`App renders correctly 1`] = `
<Provider
  store={
    Object {
      "dispatch": [Function],
      "getState": [Function],
      "replaceReducer": [Function],
      "subscribe": [Function],
      Symbol(observable): [Function],
    }
  }
>
  <BrowserRouter>
    <div
      className="App"
    >
      <Route
        component={[Function]}
        exact={true}
        path="/"
      />
    </div>
  </BrowserRouter>
</Provider>
`;
